pearl-2_market_chart_max_20261002T183236-0400.json|https://api.coingecko.com/api/v3/coins/pearl-2/market_chart?vs_currency=usd&days=max|2026-10-02 18:32:37 EDT|429
pearl-2_coin_20261002T183245-0400.json|https://api.coingecko.com/api/v3/coins/pearl-2?localization=false&tickers=false&community_data=false&developer_data=false|2026-10-02 18:32:45 EDT|429
pearl-2_market_chart_max_20261002T183704-0400.json|https://api.coingecko.com/api/v3/coins/pearl-2/market_chart?vs_currency=usd&days=max|2026-10-02 18:37:04 EDT|401
pearl-2_market_chart_max_20261002T183814-0400.json|https://api.coingecko.com/api/v3/coins/pearl-2/market_chart?vs_currency=usd&days=max|2026-10-02 18:38:14 EDT|429
pearl-2_market_chart_max_20261002T183924-0400.json|https://api.coingecko.com/api/v3/coins/pearl-2/market_chart?vs_currency=usd&days=max|2026-10-02 18:39:25 EDT|429
pearl-2_market_chart_max_20261002T184035-0400.json|https://api.coingecko.com/api/v3/coins/pearl-2/market_chart?vs_currency=usd&days=max|2026-10-02 18:40:35 EDT|401
pearl-2_market_chart_max_20261002T184145-0400.json|https://api.coingecko.com/api/v3/coins/pearl-2/market_chart?vs_currency=usd&days=max|2026-10-02 18:41:45 EDT|429
pearl-2_coin_20261002T184255-0400.json|https://api.coingecko.com/api/v3/coins/pearl-2?localization=false&tickers=false&community_data=false&developer_data=false|2026-10-02 18:42:55 EDT|429
pearl-2_coin_20261002T184405-0400.json|https://api.coingecko.com/api/v3/coins/pearl-2?localization=false&tickers=false&community_data=false&developer_data=false|2026-10-02 18:44:05 EDT|200
bitcoin_market_chart_365_20261002T184420-0400.json|https://api.coingecko.com/api/v3/coins/bitcoin/market_chart?vs_currency=usd&days=365|2026-10-02 18:44:20 EDT|429
bitcoin_market_chart_365_20261002T184530-0400.json|https://api.coingecko.com/api/v3/coins/bitcoin/market_chart?vs_currency=usd&days=365|2026-10-02 18:45:30 EDT|200
bittensor_market_chart_365_20261002T184545-0400.json|https://api.coingecko.com/api/v3/coins/bittensor/market_chart?vs_currency=usd&days=365|2026-10-02 18:45:45 EDT|429
bittensor_market_chart_365_20261002T184655-0400.json|https://api.coingecko.com/api/v3/coins/bittensor/market_chart?vs_currency=usd&days=365|2026-10-02 18:46:56 EDT|200
render-token_market_chart_365_20261002T184711-0400.json|https://api.coingecko.com/api/v3/coins/render-token/market_chart?vs_currency=usd&days=365|2026-10-02 18:47:11 EDT|429
render-token_market_chart_365_20261002T184821-0400.json|https://api.coingecko.com/api/v3/coins/render-token/market_chart?vs_currency=usd&days=365|2026-10-02 18:48:21 EDT|429
render-token_market_chart_365_20261002T184931-0400.json|https://api.coingecko.com/api/v3/coins/render-token/market_chart?vs_currency=usd&days=365|2026-10-02 18:49:31 EDT|429
render-token_market_chart_365_20261002T185041-0400.json|https://api.coingecko.com/api/v3/coins/render-token/market_chart?vs_currency=usd&days=365|2026-10-02 18:50:41 EDT|429
pearl-2_market_chart_365_20261002T185113-0400.json|https://api.coingecko.com/api/v3/coins/pearl-2/market_chart?vs_currency=usd&days=365|2026-10-02 18:51:14 EDT|200
render-token_market_chart_365_20261002T185134-0400.json|https://api.coingecko.com/api/v3/coins/render-token/market_chart?vs_currency=usd&days=365|2026-10-02 18:51:34 EDT|429
render-token_market_chart_365_20261002T185249-0400.json|https://api.coingecko.com/api/v3/coins/render-token/market_chart?vs_currency=usd&days=365|2026-10-02 18:52:49 EDT|429
render-token_market_chart_365_20261002T185404-0400.json|https://api.coingecko.com/api/v3/coins/render-token/market_chart?vs_currency=usd&days=365|2026-10-02 18:54:04 EDT|429
render-token_market_chart_365_20261002T185519-0400.json|https://api.coingecko.com/api/v3/coins/render-token/market_chart?vs_currency=usd&days=365|2026-10-02 18:55:19 EDT|200
DONE
# days=1 batch start Fri Oct  2 19:09:27 EDT 2026
pearl-2_market_chart_1_20261002T190927-0400.json|https://api.coingecko.com/api/v3/coins/pearl-2/market_chart?vs_currency=usd&days=1|2026-10-02 19:09:28 EDT|429
pearl-2_market_chart_1_20261002T191038-0400.json|https://api.coingecko.com/api/v3/coins/pearl-2/market_chart?vs_currency=usd&days=1|2026-10-02 19:10:38 EDT|429
pearl-2_market_chart_1_20261002T191148-0400.json|https://api.coingecko.com/api/v3/coins/pearl-2/market_chart?vs_currency=usd&days=1|2026-10-02 19:11:48 EDT|429
pearl-2_market_chart_1_20261002T191258-0400.json|https://api.coingecko.com/api/v3/coins/pearl-2/market_chart?vs_currency=usd&days=1|2026-10-02 19:12:58 EDT|429
pearl-2_market_chart_1_20261002T191408-0400.json|https://api.coingecko.com/api/v3/coins/pearl-2/market_chart?vs_currency=usd&days=1|2026-10-02 19:14:08 EDT|429
pearl-2_market_chart_1_20261002T191518-0400.json|https://api.coingecko.com/api/v3/coins/pearl-2/market_chart?vs_currency=usd&days=1|2026-10-02 19:15:18 EDT|200
bittensor_market_chart_1_20261002T191538-0400.json|https://api.coingecko.com/api/v3/coins/bittensor/market_chart?vs_currency=usd&days=1|2026-10-02 19:15:38 EDT|429
bittensor_market_chart_1_20261002T191648-0400.json|https://api.coingecko.com/api/v3/coins/bittensor/market_chart?vs_currency=usd&days=1|2026-10-02 19:16:48 EDT|200
render-token_market_chart_1_20261002T191708-0400.json|https://api.coingecko.com/api/v3/coins/render-token/market_chart?vs_currency=usd&days=1|2026-10-02 19:17:08 EDT|429
render-token_market_chart_1_20261002T191818-0400.json|https://api.coingecko.com/api/v3/coins/render-token/market_chart?vs_currency=usd&days=1|2026-10-02 19:18:19 EDT|200
zcash_market_chart_1_20261002T191839-0400.json|https://api.coingecko.com/api/v3/coins/zcash/market_chart?vs_currency=usd&days=1|2026-10-02 19:18:39 EDT|429
zcash_market_chart_1_20261002T191949-0400.json|https://api.coingecko.com/api/v3/coins/zcash/market_chart?vs_currency=usd&days=1|2026-10-02 19:19:49 EDT|200
akash-network_market_chart_1_20261002T192009-0400.json|https://api.coingecko.com/api/v3/coins/akash-network/market_chart?vs_currency=usd&days=1|2026-10-02 19:20:09 EDT|429
akash-network_market_chart_1_20261002T192119-0400.json|https://api.coingecko.com/api/v3/coins/akash-network/market_chart?vs_currency=usd&days=1|2026-10-02 19:21:19 EDT|200
DONE_DAYS1
pearl-2_tickers_20261002T192201-0400.json|https://api.coingecko.com/api/v3/coins/pearl-2/tickers|2026-10-02 19:22:01 EDT|429
pearl-2_tickers_20261002T192311-0400.json|https://api.coingecko.com/api/v3/coins/pearl-2/tickers|2026-10-02 19:23:12 EDT|200
DONE_TICKERS
